bucket-5-12.c.mem.bc
  18 depgraph - Number of memory nodes
