bucket-5-12.c.mem.bc
  11 depgraph - Number of memory nodes
