bucket-5-12.c.mem.bc
   118 depgraph       - Number of memory nodes
