bucket-3-14
bucket-3-14.c.mem.bc
   7 depgraph - Number of memory nodes
