bucket-3-14
bucket-3-14.c.mem.bc
   4 depgraph - Number of memory nodes
