
bucket-6-1.c.mem.bc
   13 depgraph - Number of memory nodes
bucket-6-2.c.mem.bc
  10 depgraph - Number of memory nodes
bucket-6-1.c.mem.bc
   13 depgraph - Number of memory nodes
