
bucket-6-1.c.mem.bc
    5 depgraph - Number of memory nodes
bucket-6-2.c.mem.bc
   7 depgraph - Number of memory nodes
bucket-6-1.c.mem.bc
    5 depgraph - Number of memory nodes
