
bucket-6-1.c.mem.bc
bucket-6-2.c.mem.bc
    47 depgraph       - Number of memory nodes
bucket-6-1.c.mem.bc
   102 depgraph       - Number of memory nodes
