bucket-7-20.c.mem.bc
  35 depgraph - Number of memory nodes
