bucket-7-20.c.mem.bc
   5 depgraph - Number of memory nodes
