bucket-7-20.c.mem.bc
   74 depgraph       - Number of memory nodes
